[2025-11-11T03:05:19.480Z] All watchers stopped
